example\Model\Item.class
example\Model\ItemService.class
example\Controller\HomePageController.class
example\Model\InvoiceImageService.class
example\Model\User.class
example\Model\Payment.class
example\Controller\HistoryController.class
example\Model\TransactionService.class
example\Model\LoginInfo.class
example\Model\LoginService.class
example\Model\Transaction.class
example\Controller\NewPaymentController.class
example\Controller\InvoiceController$CreateInvoiceRequest.class
example\Controller\TransactionController.class
example\Model\QRCodeGenerator.class
example\Controller\ItemController.class
example\Model\NewPaymentService.class
example\Model\HistoryService.class
example\Controller\TransactionController$ConfirmPaymentRequest.class
example\Controller\QRCodeController.class
example\Controller\LoginController.class
example\QrPaymentProjectApplication.class
example\Controller\InvoiceController.class
example\Model\InvoiceItem.class
example\Controller\InvoiceController$InvoiceItemRequest.class
example\Model\TransactionService$DashboardStats.class
example\Model\JsonIO.class
example\Model\FBInitialize.class
example\Model\MerchantUser.class
example\Controller\DashboardController.class
example\Model\MerchantNewPayment.class
