C:\Users\JENIL\project phase 2\INTELLIPAY-main--1-\src\main\java\example\QrPaymentProjectApplication.java
C:\Users\JENIL\project phase 2\INTELLIPAY-main--1-\src\main\java\example\Model\Item.java
C:\Users\JENIL\project phase 2\INTELLIPAY-main--1-\src\main\java\example\Model\JsonIO.java
C:\Users\JENIL\project phase 2\INTELLIPAY-main--1-\src\main\java\example\Model\FBInitialize.java
C:\Users\JENIL\project phase 2\INTELLIPAY-main--1-\src\main\java\example\Model\InvoiceImageService.java
C:\Users\JENIL\project phase 2\INTELLIPAY-main--1-\src\main\java\example\Controller\DashboardController.java
C:\Users\JENIL\project phase 2\INTELLIPAY-main--1-\src\main\java\example\Controller\NewPaymentController.java
C:\Users\JENIL\project phase 2\INTELLIPAY-main--1-\src\main\java\example\Controller\HomePageController.java
C:\Users\JENIL\project phase 2\INTELLIPAY-main--1-\src\main\java\example\Model\Payment.java
C:\Users\JENIL\project phase 2\INTELLIPAY-main--1-\src\main\java\example\Model\MerchantNewPayment.java
C:\Users\JENIL\project phase 2\INTELLIPAY-main--1-\src\main\java\example\Controller\LoginController.java
C:\Users\JENIL\project phase 2\INTELLIPAY-main--1-\src\main\java\example\Model\User.java
C:\Users\JENIL\project phase 2\INTELLIPAY-main--1-\src\main\java\example\Model\ItemService.java
C:\Users\JENIL\project phase 2\INTELLIPAY-main--1-\src\main\java\example\Controller\ItemController.java
C:\Users\JENIL\project phase 2\INTELLIPAY-main--1-\src\main\java\example\Model\Transaction.java
C:\Users\JENIL\project phase 2\INTELLIPAY-main--1-\src\main\java\example\Model\NewPaymentService.java
C:\Users\JENIL\project phase 2\INTELLIPAY-main--1-\src\main\java\example\Model\TransactionService.java
C:\Users\JENIL\project phase 2\INTELLIPAY-main--1-\src\main\java\example\Model\InvoiceItem.java
C:\Users\JENIL\project phase 2\INTELLIPAY-main--1-\src\main\java\example\Controller\QRCodeController.java
C:\Users\JENIL\project phase 2\INTELLIPAY-main--1-\src\main\java\example\Controller\InvoiceController.java
C:\Users\JENIL\project phase 2\INTELLIPAY-main--1-\src\main\java\example\Model\QRCodeGenerator.java
C:\Users\JENIL\project phase 2\INTELLIPAY-main--1-\src\main\java\example\Model\LoginService.java
C:\Users\JENIL\project phase 2\INTELLIPAY-main--1-\src\main\java\example\Controller\HistoryController.java
C:\Users\JENIL\project phase 2\INTELLIPAY-main--1-\src\main\java\example\Model\MerchantUser.java
C:\Users\JENIL\project phase 2\INTELLIPAY-main--1-\src\main\java\example\Model\LoginInfo.java
C:\Users\JENIL\project phase 2\INTELLIPAY-main--1-\src\main\java\example\Model\HistoryService.java
C:\Users\JENIL\project phase 2\INTELLIPAY-main--1-\src\main\java\example\Controller\TransactionController.java
